// Jest Snapshot v1, https://goo.gl/fbAQLP

exports[`renders correctly when showDetails is false 1`] = `
<View
  accessibilityComponentType={undefined}
  accessibilityLabel={undefined}
  accessibilityLiveRegion={undefined}
  accessibilityTraits={undefined}
  accessibilityViewIsModal={undefined}
  accessible={undefined}
  collapsable={undefined}
  hitSlop={undefined}
  importantForAccessibility={undefined}
  needsOffscreenAlphaCompositing={undefined}
  onAccessibilityTap={undefined}
  onLayout={undefined}
  onMagicTap={undefined}
  pointerEvents={undefined}
  removeClippedSubviews={undefined}
  renderToHardwareTextureAndroid={undefined}
  shouldRasterizeIOS={undefined}
  style={
    Object {
      "opacity": 1,
    }
  }
  testID={undefined}
>
  <Text
    accessible={true}
    adjustsFontSizeToFit={undefined}
    allowFontScaling={true}
    ellipsizeMode="tail"
    minimumFontScale={undefined}
    numberOfLines={undefined}
    onLayout={undefined}
    onLongPress={undefined}
    onPress={undefined}
    pressRetentionOffset={undefined}
    selectable={undefined}
    selectionColor={undefined}
    style={
      Object {
        "color": "#EFEFEF",
        "lineHeight": 25,
      }
    }
    suppressHighlighting={undefined}
    testID={undefined}
    textBreakStrategy={undefined}
  >
    Test Text
  </Text>
</View>
`;

exports[`renders correctly when showDetails is true 1`] = `
<View
  accessibilityComponentType={undefined}
  accessibilityLabel={undefined}
  accessibilityLiveRegion={undefined}
  accessibilityTraits={undefined}
  accessibilityViewIsModal={undefined}
  accessible={undefined}
  collapsable={undefined}
  hitSlop={undefined}
  importantForAccessibility={undefined}
  needsOffscreenAlphaCompositing={undefined}
  onAccessibilityTap={undefined}
  onLayout={undefined}
  onMagicTap={undefined}
  pointerEvents={undefined}
  removeClippedSubviews={undefined}
  renderToHardwareTextureAndroid={undefined}
  shouldRasterizeIOS={undefined}
  style={
    Object {
      "opacity": 1,
    }
  }
  testID={undefined}
>
  <Text
    accessible={true}
    adjustsFontSizeToFit={undefined}
    allowFontScaling={true}
    ellipsizeMode="tail"
    minimumFontScale={undefined}
    numberOfLines={undefined}
    onLayout={undefined}
    onLongPress={undefined}
    onPress={undefined}
    pressRetentionOffset={undefined}
    selectable={undefined}
    selectionColor={undefined}
    style={
      Object {
        "color": "#EFEFEF",
        "lineHeight": 25,
      }
    }
    suppressHighlighting={undefined}
    testID={undefined}
    textBreakStrategy={undefined}
  >
    Test Text
  </Text>
</View>
`;
